[-] [32mINFO[0m:     Started server process [[36m25783[0m]
[-] [32mINFO[0m:     Waiting for application startup.
[-] [32mINFO[0m:     Application startup complete.
[-] [32mINFO[0m:     Uvicorn running on [1mhttp://127.0.0.1:8000[0m (Press CTRL+C to quit)
[-] [32mINFO[0m:     Shutting down
[-] [32mINFO[0m:     Waiting for application shutdown.
[-] [32mINFO[0m:     Application shutdown complete.
[-] [32mINFO[0m:     Finished server process [[36m25783[0m]
[-] [32mINFO[0m:     Started server process [[36m26220[0m]
[-] [32mINFO[0m:     Waiting for application startup.
[-] [32mINFO[0m:     Application startup complete.
[-] [32mINFO[0m:     Uvicorn running on [1mhttp://127.0.0.1:8000[0m (Press CTRL+C to quit)
[-] [32mINFO[0m:     Shutting down
[-] [32mINFO[0m:     Waiting for application shutdown.
[-] [32mINFO[0m:     Application shutdown complete.
[-] [32mINFO[0m:     Finished server process [[36m26220[0m]
[-] [32mINFO[0m:     Started server process [[36m26527[0m]
[-] [32mINFO[0m:     Waiting for application startup.
[-] [32mINFO[0m:     Application startup complete.
[-] [32mINFO[0m:     Uvicorn running on [1mhttp://127.0.0.1:8000[0m (Press CTRL+C to quit)
[-] [32mINFO[0m:     Shutting down
[-] [32mINFO[0m:     Waiting for application shutdown.
[-] [32mINFO[0m:     Application shutdown complete.
[-] [32mINFO[0m:     Finished server process [[36m26527[0m]
[-] [32mINFO[0m:     Started server process [[36m27154[0m]
[-] [32mINFO[0m:     Waiting for application startup.
[-] [32mINFO[0m:     Application startup complete.
[-] [32mINFO[0m:     Uvicorn running on [1mhttp://127.0.0.1:8000[0m (Press CTRL+C to quit)
[-] [32mINFO[0m:     Shutting down
[-] [32mINFO[0m:     Waiting for application shutdown.
[-] [32mINFO[0m:     Application shutdown complete.
[-] [32mINFO[0m:     Finished server process [[36m27154[0m]
[-] [32mINFO[0m:     Started server process [[36m28120[0m]
[-] [32mINFO[0m:     Waiting for application startup.
[-] [32mINFO[0m:     Application startup complete.
[-] [32mINFO[0m:     Uvicorn running on [1mhttp://127.0.0.1:8000[0m (Press CTRL+C to quit)
[-] [32mINFO[0m:     Shutting down
[-] [32mINFO[0m:     Waiting for application shutdown.
[-] [32mINFO[0m:     Application shutdown complete.
[-] [32mINFO[0m:     Finished server process [[36m28120[0m]
[-] [32mINFO[0m:     Started server process [[36m34317[0m]
[-] [32mINFO[0m:     Waiting for application startup.
[-] [32mINFO[0m:     Application startup complete.
[-] [32mINFO[0m:     Uvicorn running on [1mhttp://127.0.0.1:8000[0m (Press CTRL+C to quit)
[-] [32mINFO[0m:     Shutting down
[-] [32mINFO[0m:     Waiting for application shutdown.
[-] [32mINFO[0m:     Application shutdown complete.
[-] [32mINFO[0m:     Finished server process [[36m34317[0m]
[-] [32mINFO[0m:     Started server process [[36m40694[0m]
[-] [32mINFO[0m:     Waiting for application startup.
[-] [32mINFO[0m:     Application startup complete.
[-] [32mINFO[0m:     Uvicorn running on [1mhttp://127.0.0.1:8000[0m (Press CTRL+C to quit)
[-] [32mINFO[0m:     Shutting down
[-] [32mINFO[0m:     Waiting for application shutdown.
[-] [32mINFO[0m:     Application shutdown complete.
[-] [32mINFO[0m:     Finished server process [[36m40694[0m]
[-] [32mINFO[0m:     Started server process [[36m93549[0m]
[-] [32mINFO[0m:     Waiting for application startup.
[-] [32mINFO[0m:     Application startup complete.
[-] [32mINFO[0m:     Uvicorn running on [1mhttp://127.0.0.1:8000[0m (Press CTRL+C to quit)
[-] [32mINFO[0m:     Shutting down
[-] [32mINFO[0m:     Waiting for application shutdown.
[-] [32mINFO[0m:     Application shutdown complete.
[-] [32mINFO[0m:     Finished server process [[36m93549[0m]
[-] [32mINFO[0m:     Started server process [[36m58425[0m]
[-] [32mINFO[0m:     Waiting for application startup.
[-] [32mINFO[0m:     Application startup complete.
[-] [32mINFO[0m:     Uvicorn running on [1mhttp://127.0.0.1:8000[0m (Press CTRL+C to quit)
[-] [32mINFO[0m:     Shutting down
[-] [32mINFO[0m:     Waiting for application shutdown.
[-] [32mINFO[0m:     Application shutdown complete.
[-] [32mINFO[0m:     Finished server process [[36m58425[0m]
